- type: paint.start
  data:
    size: [1000.0, 500.0]
- type: paint.fill_rect
  data:
    rect: [20.0, 20.0, 140.0, 140.0]
    color: [0, 0, 255, 255]
- type: paint.draw_border
  data:
    rect: [20.0, 20.0, 140.0, 140.0]
    border:
      top:
        style: solid
        width: 10.0
        color: [255, 0, 0, 255]
      right:
        style: solid
        width: 10.0
        color: [255, 0, 0, 255]
      bottom:
        style: solid
        width: 10.0
        color: [255, 0, 0, 255]
      left:
        style: solid
        width: 10.0
        color: [255, 0, 0, 255]
- type: paint.end
