- type: paint.start
  data:
    width: 1000.0
    height: 500.0
- type: paint.fill_rect
  data:
    rect:
      origin: [400.0, 0.0]
      size: [200.0, 200.0]
    color: [0, 0, 255, 255]
- type: paint.end
