- type: render.start
  data:
    size: [1000, 500]
- type: render.render_box
  data:
    rect: [0, 0, 1200, 100]
    background:
      color: [0, 0, 255, 255]
- type: render.end
