- type: paint.start
  data:
    size: [1000, 500]
- type: paint.fill_rect
  data:
    rect: [0, 0, 800, 400]
    color: [0, 0, 255, 255]
- type: paint.fill_rect
  data:
    rect: [0, 0, 400, 200]
    color: [0, 128, 0, 255]
- type: paint.end
