- type: render.start
  data:
    size: [1000, 500]
- type: render.render_box
  data:
    rect: [0, 0, 400, 400]
    background:
      color: [255, 255, 0, 255]
- type: render.render_box
  data:
    rect: [0, 300, 100, 100]
    background:
      color: [255, 0, 0, 255]
- type: render.render_box
  data:
    rect: [100, 300, 100, 100]
    background:
      color: [0, 128, 0, 255]
- type: render.render_box
  data:
    rect: [0, 200, 300, 100]
    background:
      color: [0, 0, 255, 255]
- type: render.end
