- bee.paint.start:
    width: 1000.0
    height: 500.0
- bee.paint.fill_rect:
    rect:
      origin: [0.0, 0.0]
      size: [100.0, 100.0]
    color: [255, 0, 0, 255]
- bee.paint.fill_rect:
    rect:
      origin: [0.0, 0.0]
      size: [100.0, 100.0]
    color: [0, 0, 255, 255]
- bee.paint.end
