- type: render.start
  data:
    size: [1000, 500]
- type: render.render_box
  data:
    rect: [20, 20, 140, 140]
    background:
      color: [0, 0, 255, 255]
    border:
      - style: solid
        width: 10
        color: [255, 0, 0, 255]
      - style: solid
        width: 10
        color: [255, 0, 0, 255]
      - style: solid
        width: 10
        color: [255, 0, 0, 255]
      - style: solid
        width: 10
        color: [255, 0, 0, 255]
- type: render.end
