- type: render.start
  data:
    size: [1000, 500]
- type: render.render_box
  data:
    rect: [400, 0, 200, 200]
    background:
      color: [0, 0, 255, 255]
- type: render.end
