- type: render.start
  data:
    size: [1000, 500]
- type: render.render_box
  data:
    rect: [0, 0, 1000, 50]
    background:
      color: [0, 128, 0, 255]
- type: render.render_box
  data:
    rect: [0, 50, 1000, 50]
    background:
      color: [0, 0, 255, 255]
- type: render.end
