- Start:
    width: 1000.0
    height: 500.0
- FillRect:
    rect:
      origin: [0.0, 0.0]
      size: [100.0, 100.0]
    color: [255, 0, 0, 255]
- FillRect:
    rect:
      origin: [0.0, 0.0]
      size: [100.0, 100.0]
    color: [0, 0, 255, 255]
- End
